
> roster-app@0.1.0 build
> next build

node.exe : [baseline-browser-mapping] The 
data in this module is over two months old. 
 To ensure accurate Baseline data, please 
update: `npm i 
baseline-browser-mapping@latest -D`
At line:1 char:1
+ & "C:\Program Files\nodejs/node.exe" 
"C:\Program Files\nodejs/node_mo ...
+ ~~~~~~~~~~~~~~~~~~~~~~~~~~~~~~~~~~~~~~~~~~
~~~~~~~~~~~~~~~~~~~~~~~~~~~
    + CategoryInfo          : NotSpecified: 
    ([baseline-brows...ping@latest -D`:Str  
  ing) [], RemoteException
    + FullyQualifiedErrorId : NativeCommand 
   Error
 
 ΓÜá Invalid next.config.ts options 
detected: 
 ΓÜá     Unrecognized key(s) in object: 
'allowedDevOrigins' at "experimental"
 ΓÜá See more info here: https://nextjs.org/
docs/messages/invalid-next-config
   Γû▓ Next.js 16.0.3 (Turbopack)
   - Environments: .env
   - Experiments (use with caution):
     ? allowedDevOrigins (invalid experimental key)

 ΓÜá The "middleware" file convention is 
deprecated. Please use "proxy" instead. 
Learn more: https://nextjs.org/docs/messages
/middleware-to-proxy
   Creating an optimized production build ...
[baseline-browser-mapping] The data in this 
module is over two months old.  To ensure 
accurate Baseline data, please update: `npm 
i baseline-browser-mapping@latest -D`
 Γ£ô Compiled successfully in 13.5s
   Running TypeScript ...
Failed to compile.

./next.config.ts:6:5
Type error: Object literal may only specify 
known properties, and 'allowedDevOrigins' 
does not exist in type 'ExperimentalConfig'.

[0m [90m 4 |[39m   [90m/* config 
options here */[39m
 [90m 5 |[39m   experimental[33m:[39m {
[31m[1m>[22m[39m[90m 6 |[39m     
allowedDevOrigins[33m:[39m [[32m'betsey-b
identate-munificently.ngrok-free.dev'[39m]
[33m,[39m
 [90m   |[39m     [31m[1m^[22m[39m
 [90m 7 |[39m   }[33m,[39m
 [90m 8 |[39m }[33m;[39m
 [90m 9 |[39m[0m
Next.js build worker exited with code: 1 
and signal: null
